2025-07-22 17:36:20,365 INFO supervisord started with pid 1
2025-07-22 17:36:21,369 INFO spawned: 'nginx' with pid 7
2025-07-22 17:36:21,372 INFO spawned: 'php-fpm' with pid 8
2025-07-22 17:36:21,378 WARN exited: nginx (exit status 1; not expected)
2025-07-22 17:36:22,404 INFO spawned: 'nginx' with pid 11
2025-07-22 17:36:22,405 INFO success: php-fpm entered RUNNING state, process has stayed up for > than 1 seconds (startsecs)
2025-07-22 17:36:22,414 WARN exited: nginx (exit status 1; not expected)
2025-07-22 17:36:24,418 INFO spawned: 'nginx' with pid 12
2025-07-22 17:36:24,429 WARN exited: nginx (exit status 1; not expected)
2025-07-22 17:36:27,435 INFO spawned: 'nginx' with pid 13
2025-07-22 17:36:27,444 WARN exited: nginx (exit status 1; not expected)
2025-07-22 17:36:28,446 INFO gave up: nginx entered FATAL state, too many start retries too quickly
2025-07-22 18:02:57,933 WARN received SIGQUIT indicating exit request
2025-07-22 18:02:57,934 INFO waiting for php-fpm to die
2025-07-22 18:02:57,943 INFO stopped: php-fpm (exit status 0)
2025-07-22 18:03:04,484 INFO supervisord started with pid 1
2025-07-22 18:03:05,488 INFO spawned: 'nginx' with pid 7
2025-07-22 18:03:05,491 INFO spawned: 'php-fpm' with pid 8
2025-07-22 18:03:05,499 WARN exited: nginx (exit status 1; not expected)
2025-07-22 18:03:06,529 INFO spawned: 'nginx' with pid 11
2025-07-22 18:03:06,530 INFO success: php-fpm entered RUNNING state, process has stayed up for > than 1 seconds (startsecs)
2025-07-22 18:03:06,540 WARN exited: nginx (exit status 1; not expected)
2025-07-22 18:03:08,545 INFO spawned: 'nginx' with pid 12
2025-07-22 18:03:08,554 WARN exited: nginx (exit status 1; not expected)
2025-07-22 18:03:11,561 INFO spawned: 'nginx' with pid 13
2025-07-22 18:03:11,572 WARN exited: nginx (exit status 1; not expected)
2025-07-22 18:03:12,573 INFO gave up: nginx entered FATAL state, too many start retries too quickly
2025-07-22 18:07:40,868 WARN received SIGQUIT indicating exit request
2025-07-22 18:07:40,869 INFO waiting for php-fpm to die
2025-07-22 18:07:40,876 INFO stopped: php-fpm (exit status 0)
2025-07-22 18:08:01,152 INFO supervisord started with pid 1
2025-07-22 18:08:02,156 INFO spawned: 'nginx' with pid 7
2025-07-22 18:08:02,159 INFO spawned: 'php-fpm' with pid 8
2025-07-22 18:08:02,170 WARN exited: nginx (exit status 1; not expected)
2025-07-22 18:08:03,206 INFO spawned: 'nginx' with pid 11
2025-07-22 18:08:03,207 INFO success: php-fpm entered RUNNING state, process has stayed up for > than 1 seconds (startsecs)
2025-07-22 18:08:03,218 WARN exited: nginx (exit status 1; not expected)
2025-07-22 18:08:05,222 INFO spawned: 'nginx' with pid 12
2025-07-22 18:08:05,236 WARN exited: nginx (exit status 1; not expected)
2025-07-22 18:08:08,243 INFO spawned: 'nginx' with pid 13
2025-07-22 18:08:08,253 WARN exited: nginx (exit status 1; not expected)
2025-07-22 18:08:09,254 INFO gave up: nginx entered FATAL state, too many start retries too quickly
2025-07-22 18:09:42,949 WARN received SIGQUIT indicating exit request
2025-07-22 18:09:42,950 INFO waiting for php-fpm to die
2025-07-22 18:09:42,959 INFO stopped: php-fpm (exit status 0)
2025-07-22 18:09:48,290 INFO supervisord started with pid 1
2025-07-22 18:09:49,294 INFO spawned: 'nginx' with pid 7
2025-07-22 18:09:49,297 INFO spawned: 'php-fpm' with pid 8
2025-07-22 18:09:49,304 WARN exited: nginx (exit status 1; not expected)
2025-07-22 18:09:50,334 INFO spawned: 'nginx' with pid 11
2025-07-22 18:09:50,334 INFO success: php-fpm entered RUNNING state, process has stayed up for > than 1 seconds (startsecs)
2025-07-22 18:09:50,344 WARN exited: nginx (exit status 1; not expected)
2025-07-22 18:09:52,888 INFO spawned: 'nginx' with pid 12
2025-07-22 18:09:52,899 WARN exited: nginx (exit status 1; not expected)
2025-07-22 18:09:55,905 INFO spawned: 'nginx' with pid 13
2025-07-22 18:09:55,916 WARN exited: nginx (exit status 1; not expected)
2025-07-22 18:09:56,918 INFO gave up: nginx entered FATAL state, too many start retries too quickly
2025-07-22 21:41:48,110 WARN received SIGQUIT indicating exit request
2025-07-22 21:41:48,110 INFO waiting for php-fpm to die
2025-07-22 21:41:48,116 INFO stopped: php-fpm (exit status 0)
2025-07-22 21:41:54,256 INFO supervisord started with pid 1
2025-07-22 21:41:55,260 INFO spawned: 'nginx' with pid 7
2025-07-22 21:41:55,263 INFO spawned: 'php-fpm' with pid 8
2025-07-22 21:41:55,269 WARN exited: nginx (exit status 1; not expected)
2025-07-22 21:41:56,299 INFO spawned: 'nginx' with pid 11
2025-07-22 21:41:56,300 INFO success: php-fpm entered RUNNING state, process has stayed up for > than 1 seconds (startsecs)
2025-07-22 21:41:56,309 WARN exited: nginx (exit status 1; not expected)
2025-07-22 21:41:58,315 INFO spawned: 'nginx' with pid 12
2025-07-22 21:41:58,326 WARN exited: nginx (exit status 1; not expected)
2025-07-22 21:42:01,333 INFO spawned: 'nginx' with pid 13
2025-07-22 21:42:01,344 WARN exited: nginx (exit status 1; not expected)
2025-07-22 21:42:02,345 INFO gave up: nginx entered FATAL state, too many start retries too quickly
2025-07-22 21:42:13,357 WARN received SIGQUIT indicating exit request
2025-07-22 21:42:13,357 INFO waiting for php-fpm to die
2025-07-22 21:42:13,366 INFO stopped: php-fpm (exit status 0)
2025-07-22 21:49:01,850 INFO supervisord started with pid 1
2025-07-22 21:49:02,854 INFO spawned: 'nginx' with pid 7
2025-07-22 21:49:02,858 INFO spawned: 'php-fpm' with pid 8
2025-07-22 21:49:02,865 WARN exited: nginx (exit status 1; not expected)
2025-07-22 21:49:03,895 INFO spawned: 'nginx' with pid 11
2025-07-22 21:49:03,896 INFO success: php-fpm entered RUNNING state, process has stayed up for > than 1 seconds (startsecs)
2025-07-22 21:49:03,905 WARN exited: nginx (exit status 1; not expected)
2025-07-22 21:49:05,910 INFO spawned: 'nginx' with pid 12
2025-07-22 21:49:05,920 WARN exited: nginx (exit status 1; not expected)
2025-07-22 21:49:08,928 INFO spawned: 'nginx' with pid 13
2025-07-22 21:49:08,938 WARN exited: nginx (exit status 1; not expected)
2025-07-22 21:49:09,940 INFO gave up: nginx entered FATAL state, too many start retries too quickly
2025-07-23 09:10:46,250 WARN received SIGQUIT indicating exit request
2025-07-23 09:10:46,251 INFO waiting for php-fpm to die
2025-07-23 09:10:46,259 INFO stopped: php-fpm (exit status 0)
2025-07-23 09:10:57,378 INFO supervisord started with pid 1
2025-07-23 09:10:58,383 INFO spawned: 'nginx' with pid 7
2025-07-23 09:10:58,386 INFO spawned: 'php-fpm' with pid 8
2025-07-23 09:10:58,394 WARN exited: nginx (exit status 1; not expected)
2025-07-23 09:10:59,414 INFO spawned: 'nginx' with pid 11
2025-07-23 09:10:59,415 INFO success: php-fpm entered RUNNING state, process has stayed up for > than 1 seconds (startsecs)
2025-07-23 09:10:59,425 WARN exited: nginx (exit status 1; not expected)
2025-07-23 09:11:01,431 INFO spawned: 'nginx' with pid 12
2025-07-23 09:11:01,443 WARN exited: nginx (exit status 1; not expected)
2025-07-23 09:11:04,451 INFO spawned: 'nginx' with pid 13
2025-07-23 09:11:04,462 WARN exited: nginx (exit status 1; not expected)
2025-07-23 09:11:05,464 INFO gave up: nginx entered FATAL state, too many start retries too quickly
2025-07-23 10:36:21,784 WARN received SIGQUIT indicating exit request
2025-07-23 10:36:21,784 INFO waiting for php-fpm to die
2025-07-23 10:36:21,792 INFO stopped: php-fpm (exit status 0)
2025-07-23 10:36:26,793 INFO supervisord started with pid 1
2025-07-23 10:36:27,795 INFO spawned: 'nginx' with pid 7
2025-07-23 10:36:27,797 INFO spawned: 'php-fpm' with pid 8
2025-07-23 10:36:27,807 WARN exited: nginx (exit status 1; not expected)
2025-07-23 10:36:28,829 INFO spawned: 'nginx' with pid 11
2025-07-23 10:36:28,830 INFO success: php-fpm entered RUNNING state, process has stayed up for > than 1 seconds (startsecs)
2025-07-23 10:36:28,842 WARN exited: nginx (exit status 1; not expected)
2025-07-23 10:36:30,847 INFO spawned: 'nginx' with pid 12
2025-07-23 10:36:30,863 WARN exited: nginx (exit status 1; not expected)
2025-07-23 10:36:34,280 INFO spawned: 'nginx' with pid 13
2025-07-23 10:36:34,291 WARN exited: nginx (exit status 1; not expected)
2025-07-23 10:36:35,292 INFO gave up: nginx entered FATAL state, too many start retries too quickly
2025-07-23 10:37:34,357 WARN received SIGQUIT indicating exit request
2025-07-23 10:37:34,358 INFO waiting for php-fpm to die
2025-07-23 10:37:34,367 INFO stopped: php-fpm (exit status 0)
2025-07-23 10:37:39,534 INFO supervisord started with pid 1
2025-07-23 10:37:40,538 INFO spawned: 'nginx' with pid 7
2025-07-23 10:37:40,541 INFO spawned: 'php-fpm' with pid 8
2025-07-23 10:37:40,549 WARN exited: nginx (exit status 1; not expected)
2025-07-23 10:37:41,570 INFO spawned: 'nginx' with pid 11
2025-07-23 10:37:41,571 INFO success: php-fpm entered RUNNING state, process has stayed up for > than 1 seconds (startsecs)
2025-07-23 10:37:41,581 WARN exited: nginx (exit status 1; not expected)
2025-07-23 10:37:43,587 INFO spawned: 'nginx' with pid 12
2025-07-23 10:37:43,599 WARN exited: nginx (exit status 1; not expected)
2025-07-23 10:37:46,826 INFO spawned: 'nginx' with pid 13
2025-07-23 10:37:46,840 WARN exited: nginx (exit status 1; not expected)
2025-07-23 10:37:47,841 INFO gave up: nginx entered FATAL state, too many start retries too quickly
2025-07-23 19:32:37,341 WARN received SIGQUIT indicating exit request
2025-07-23 19:32:37,345 INFO waiting for php-fpm to die
2025-07-23 19:32:37,352 INFO stopped: php-fpm (exit status 0)
2025-07-23 20:15:26,141 INFO supervisord started with pid 1
2025-07-23 20:15:27,145 INFO spawned: 'nginx' with pid 7
2025-07-23 20:15:27,148 INFO spawned: 'php-fpm' with pid 8
2025-07-23 20:15:27,161 WARN exited: nginx (exit status 1; not expected)
2025-07-23 20:15:28,179 INFO spawned: 'nginx' with pid 11
2025-07-23 20:15:28,179 INFO success: php-fpm entered RUNNING state, process has stayed up for > than 1 seconds (startsecs)
2025-07-23 20:15:28,190 WARN exited: nginx (exit status 1; not expected)
2025-07-23 20:15:30,195 INFO spawned: 'nginx' with pid 12
2025-07-23 20:15:30,207 WARN exited: nginx (exit status 1; not expected)
2025-07-23 20:15:33,214 INFO spawned: 'nginx' with pid 13
2025-07-23 20:15:33,227 WARN exited: nginx (exit status 1; not expected)
2025-07-23 20:15:34,228 INFO gave up: nginx entered FATAL state, too many start retries too quickly
2025-07-23 21:16:00,649 INFO reaped unknown pid 26 (exit status 0)
2025-07-23 21:17:27,738 INFO reaped unknown pid 35 (exit status 0)
2025-07-23 21:22:17,033 INFO reaped unknown pid 44 (exit status 0)
2025-07-23 21:22:49,064 INFO reaped unknown pid 60 (exit status 0)
2025-07-23 21:23:06,082 INFO reaped unknown pid 69 (exit status 0)
2025-07-23 21:25:42,240 INFO reaped unknown pid 78 (exit status 0)
2025-07-23 21:29:53,502 INFO reaped unknown pid 87 (exit status 0)
2025-07-23 21:30:49,560 INFO reaped unknown pid 96 (exit status 0)
2025-07-23 21:33:24,718 INFO reaped unknown pid 105 (exit status 0)
